Loading all sensor data...
Loaded location data for 9 stations
Loaded PM1 data: 689083 rows, 8 columns
Loaded PM4 data: 689083 rows, 8 columns
Loaded T data: 689083 rows, 8 columns
Loaded RH data: 689083 rows, 8 columns
Loaded P data: 689083 rows, 8 columns
Loaded S1 data: 689083 rows, 8 columns
Loaded S2 data: 689083 rows, 8 columns
Loaded S3 data: 689083 rows, 8 columns
Loaded S4 data: 689083 rows, 8 columns
Loaded S5 data: 689083 rows, 8 columns
Loaded S6 data: 689083 rows, 8 columns
Loaded S7 data: 689083 rows, 8 columns
Loaded S8 data: 689083 rows, 8 columns
Loaded S9 data: 689083 rows, 8 columns
Loaded S10 data: 689083 rows, 8 columns
Loaded S11 data: 689083 rows, 8 columns
Loaded S12 data: 689083 rows, 8 columns
Successfully loaded 17 sensor datasets
Traceback (most recent call last):
  File "/Users/jjpeng/Downloads/Fire_detection/site_data_loader.py", line 1019, in <module>
    main()
    ~~~~^^
  File "/Users/jjpeng/Downloads/Fire_detection/site_data_loader.py", line 762, in main
    plot_time_series({'PM1': pm1, 'PM1_s': pm1_s}, resample_freq='None',
    ~~~~~~~~~~~~~~~~^^^^^^^^^^^^^^^^^^^^^^^^^^^^^^^^^^^^^^^^^^^^^^^^^^^^
                    save_path='figures/aa-44-16-29_PM1_vs_PM1_s_30s.png')
                    ^^^^^^^^^^^^^^^^^^^^^^^^^^^^^^^^^^^^^^^^^^^^^^^^^^^^^
  File "/Users/jjpeng/Downloads/Fire_detection/site_data_loader.py", line 91, in plot_time_series
    df = _to_dataframe(input_data)
  File "/Users/jjpeng/Downloads/Fire_detection/site_data_loader.py", line 52, in _to_dataframe
    df = pd.DataFrame(input_data)
  File "/opt/miniconda3/lib/python3.13/site-packages/pandas/core/frame.py", line 778, in __init__
    mgr = dict_to_mgr(data, index, columns, dtype=dtype, copy=copy, typ=manager)
  File "/opt/miniconda3/lib/python3.13/site-packages/pandas/core/internals/construction.py", line 503, in dict_to_mgr
    return arrays_to_mgr(arrays, columns, index, dtype=dtype, typ=typ, consolidate=copy)
  File "/opt/miniconda3/lib/python3.13/site-packages/pandas/core/internals/construction.py", line 119, in arrays_to_mgr
    arrays, refs = _homogenize(arrays, index, dtype)
                   ~~~~~~~~~~~^^^^^^^^^^^^^^^^^^^^^^
  File "/opt/miniconda3/lib/python3.13/site-packages/pandas/core/internals/construction.py", line 611, in _homogenize
    val = val.reindex(index, copy=False)
  File "/opt/miniconda3/lib/python3.13/site-packages/pandas/core/series.py", line 5164, in reindex
    return super().reindex(
           ~~~~~~~~~~~~~~~^
        index=index,
        ^^^^^^^^^^^^
    ...<5 lines>...
        tolerance=tolerance,
        ^^^^^^^^^^^^^^^^^^^^
    )
    ^
  File "/opt/miniconda3/lib/python3.13/site-packages/pandas/core/generic.py", line 5629, in reindex
    return self._reindex_axes(
           ~~~~~~~~~~~~~~~~~~^
        axes, level, limit, tolerance, method, fill_value, copy
        ^^^^^^^^^^^^^^^^^^^^^^^^^^^^^^^^^^^^^^^^^^^^^^^^^^^^^^^
    ).__finalize__(self, method="reindex")
    ^
  File "/opt/miniconda3/lib/python3.13/site-packages/pandas/core/generic.py", line 5652, in _reindex_axes
    new_index, indexer = ax.reindex(
                         ~~~~~~~~~~^
        labels, level=level, limit=limit, tolerance=tolerance, method=method
        ^^^^^^^^^^^^^^^^^^^^^^^^^^^^^^^^^^^^^^^^^^^^^^^^^^^^^^^^^^^^^^^^^^^^
    )
    ^
  File "/opt/miniconda3/lib/python3.13/site-packages/pandas/core/indexes/base.py", line 4436, in reindex
    raise ValueError("cannot reindex on an axis with duplicate labels")
ValueError: cannot reindex on an axis with duplicate labels
